[debug] [2026-08-10T09:59:08.580Z] ----------------------------------------------------------------------
[debug] [2026-08-10T09:59:08.581Z] Command:       /Users/dcoe/.local/share/fnm/node-versions/v24.18.0/installation/bin/node /Users/dcoe/.local/share/fnm/node-versions/v24.18.0/installation/bin/firebase deploy --only hosting
[debug] [2026-08-10T09:59:08.582Z] CLI Version:   15.24.0
[debug] [2026-08-10T09:59:08.582Z] Platform:      darwin
[debug] [2026-08-10T09:59:08.582Z] Node Version:  v24.18.0
[debug] [2026-08-10T09:59:08.582Z] Detected Agent: antigravity
[debug] [2026-08-10T09:59:08.582Z] Time:          Mon Aug 10 2026 11:59:08 GMT+0200 (Central European Summer Time)
[debug] [2026-08-10T09:59:08.582Z] ----------------------------------------------------------------------
[debug] 
[debug] [2026-08-10T09:59:09.040Z] > command requires scopes: ["email","openid","https://www.googleapis.com/auth/cloudplatformprojects.readonly","https://www.googleapis.com/auth/firebase","https://www.googleapis.com/auth/cloud-platform"]
[debug] [2026-08-10T09:59:09.040Z] > authorizing via signed-in user (outofthisworldapps67@gmail.com)
[debug] [2026-08-10T09:59:09.040Z] [iam] checking project conference-schedule-viewer for permissions ["firebase.projects.get","firebasehosting.sites.update"]
[debug] [2026-08-10T09:59:09.047Z] Checked if tokens are valid: true, expires at: 1786357063907
[debug] [2026-08-10T09:59:09.047Z] Checked if tokens are valid: true, expires at: 1786357063907
[debug] [2026-08-10T09:59:09.047Z] >>> [apiv2][query] POST https://cloudresourcemanager.googleapis.com/v1/projects/conference-schedule-viewer:testIamPermissions [none]
[debug] [2026-08-10T09:59:09.047Z] >>> [apiv2][(partial)header] POST https://cloudresourcemanager.googleapis.com/v1/projects/conference-schedule-viewer:testIamPermissions  x-goog-user-project=conference-schedule-viewer
[debug] [2026-08-10T09:59:09.047Z] >>> [apiv2][body] POST https://cloudresourcemanager.googleapis.com/v1/projects/conference-schedule-viewer:testIamPermissions {"permissions":["firebase.projects.get","firebasehosting.sites.update"]}
[debug] [2026-08-10T09:59:09.284Z] <<< [apiv2][status] POST https://cloudresourcemanager.googleapis.com/v1/projects/conference-schedule-viewer:testIamPermissions 200
[debug] [2026-08-10T09:59:09.284Z] <<< [apiv2][body] POST https://cloudresourcemanager.googleapis.com/v1/projects/conference-schedule-viewer:testIamPermissions {"permissions":["firebase.projects.get","firebasehosting.sites.update"]}
[debug] [2026-08-10T09:59:09.284Z] Checked if tokens are valid: true, expires at: 1786357063907
[debug] [2026-08-10T09:59:09.284Z] Checked if tokens are valid: true, expires at: 1786357063907
[debug] [2026-08-10T09:59:09.284Z] >>> [apiv2][query] GET https://firebase.googleapis.com/v1beta1/projects/conference-schedule-viewer [none]
[debug] [2026-08-10T09:59:09.620Z] <<< [apiv2][status] GET https://firebase.googleapis.com/v1beta1/projects/conference-schedule-viewer 200
[debug] [2026-08-10T09:59:09.620Z] <<< [apiv2][body] GET https://firebase.googleapis.com/v1beta1/projects/conference-schedule-viewer {"projectId":"conference-schedule-viewer","projectNumber":"399875320376","displayName":"Conference Schedule","name":"projects/conference-schedule-viewer","resources":{"hostingSite":"conference-schedule-viewer"},"state":"ACTIVE","labels":{"firebase":"enabled"},"etag":"1_ddd3a8b2-fefb-45cb-b256-d09cd9ffd36b"}
[info] 
[info] === Deploying to 'conference-schedule-viewer'...
[info] 
[info] i  deploying hosting 
[debug] [2026-08-10T09:59:09.625Z] Checked if tokens are valid: true, expires at: 1786357063907
[debug] [2026-08-10T09:59:09.626Z] Checked if tokens are valid: true, expires at: 1786357063907
[debug] [2026-08-10T09:59:09.626Z] >>> [apiv2][query] GET https://firebasehosting.googleapis.com/v1beta1/projects/conference-schedule-viewer/sites/conference-schedule-viewer [none]
[debug] [2026-08-10T09:59:20.118Z] *** [apiv2] error from fetch(https://firebasehosting.googleapis.com/v1beta1/projects/conference-schedule-viewer/sites/conference-schedule-viewer, {"headers":{},"method":"GET"}): ConnectTimeoutError: Connect Timeout Error (attempted addresses: 172.217.116.4:443, timeout: 10000ms)
